// Jest Snapshot v1, https://goo.gl/fbAQLP

exports[`test index check error message 1`] = `
": 1: MD022/blanks-around-headings/blanks-around-headers Headings should be surrounded by blank lines [Expected: 1; Actual: 0; Below] [Context: \\"# 123\\"]
: 2: MD032/blanks-around-lists Lists should be surrounded by blank lines [Context: \\"* 123 *\\"]"
`;

exports[`test index provide config object instead of config file 1`] = `": 2: MD032/blanks-around-lists Lists should be surrounded by blank lines [Context: \\"* 123 *\\"]"`;
