// Jest Snapshot v1, https://goo.gl/fbAQLP

exports[`test index check console message with formater: json 1`] = `"{\\":[{\\"lineNumber\\":1,\\"ruleNames\\":[\\"MD022\\",\\"blanks-around-headings\\",\\"blanks-around-headers\\"],\\"ruleDescription\\":\\"Headings should be surrounded by blank lines\\",\\"ruleInformation\\":\\"https://github.com/DavidAnson/markdownlint/blob/v0.13.0/doc/Rules.md#md022\\",\\"errorDetail\\":\\"Expected: 1; Actual: 0; Below\\",\\"errorContext\\":\\"# 123\\",\\"errorRange\\":null},{\\"lineNumber\\":2,\\"ruleNames\\":[\\"MD032\\",\\"blanks-around-lists\\"],\\"ruleDescription\\":\\"Lists should be surrounded by blank lines\\",\\"ruleInformation\\":\\"https://github.com/DavidAnson/markdownlint/blob/v0.13.0/doc/Rules.md#md032\\",\\"errorDetail\\":null,\\"errorContext\\":\\"* 123 *\\",\\"errorRange\\":null}]}"`;

exports[`test index check console message with formater: verbose 1`] = `
"	line 1: # 123
	MD022: Headings should be surrounded by blank lines (https://github.com/DavidAnson/markdownlint/blob/v0.13.0/doc/Rules.md#md022)
	message: Expected: 1; Actual: 0; Below

	line 2: * 123 *
	MD032: Lists should be surrounded by blank lines (https://github.com/DavidAnson/markdownlint/blob/v0.13.0/doc/Rules.md#md032)"
`;

exports[`test index check console type with allowWarnings: true 1`] = `
"	line 1: # 123
	MD022: Headings should be surrounded by blank lines (https://github.com/DavidAnson/markdownlint/blob/v0.13.0/doc/Rules.md#md022)
	message: Expected: 1; Actual: 0; Below

	line 2: * 123 *
	MD032: Lists should be surrounded by blank lines (https://github.com/DavidAnson/markdownlint/blob/v0.13.0/doc/Rules.md#md032)"
`;

exports[`test index check error message 1`] = `
": 1: MD022/blanks-around-headings/blanks-around-headers Headings should be surrounded by blank lines [Expected: 1; Actual: 0; Below] [Context: \\"# 123\\"]
: 2: MD032/blanks-around-lists Lists should be surrounded by blank lines [Context: \\"* 123 *\\"]"
`;

exports[`test index provide config object instead of config file 1`] = `
"	line 2: * 123 *
	MD032: Lists should be surrounded by blank lines (https://github.com/DavidAnson/markdownlint/blob/v0.13.0/doc/Rules.md#md032)"
`;
